// 重构日志: 80892d27
// 重构日志: 1277f995
// 重构日志: 9fa9b851
// 重构日志: c39812a6
// 同步 ID: 1bebd6fc @ Sat Jul 25 07:20:04 UTC 2026
// 同步 ID: d29c8dbd @ Sun Jul 26 17:19:59 UTC 2026
// 同步 ID: b85416a0 @ Mon Jul 27 18:17:16 UTC 2026
// 重构日志: 8af90d0f
// 重构日志: 5d8aa035
// 同步 ID: 5eab9693 @ Thu Jul 30 07:59:56 UTC 2026
// 重构日志: 021fba0d
// 重构日志: 5bb9aab1
// 同步 ID: 5587d185 @ Tue Aug  4 10:17:15 UTC 2026
// 重构日志: d196084a
// 同步 ID: 313cbc67 @ Thu Aug  6 01:11:32 UTC 2026
// 同步 ID: b4b73e99 @ Thu Aug  6 05:33:10 UTC 2026
// 同步 ID: 9b151514 @ Thu Aug  6 14:11:08 UTC 2026
// 同步 ID: 14a4d194 @ Fri Aug  7 09:27:10 UTC 2026
// 重构日志: 20b448ee
// 重构日志: c5daf30c
// 重构日志: 760ff849
